// Jest Snapshot v1, https://goo.gl/fbAQLP

exports[`renders correctly 1`] = `
ShallowWrapper {
  Symbol(enzyme.__root__): [Circular],
  Symbol(enzyme.__unrendered__): <MenuContainer />,
  Symbol(enzyme.__renderer__): Object {
    "batchedUpdates": [Function],
    "checkPropTypes": [Function],
    "getNode": [Function],
    "render": [Function],
    "simulateError": [Function],
    "simulateEvent": [Function],
    "unmount": [Function],
  },
  Symbol(enzyme.__node__): Object {
    "instance": null,
    "key": undefined,
    "nodeType": "host",
    "props": Object {
      "children": Array [
        <div
          className="page-navigation__btn"
        >
          <FloatingActionButton
            backgroundColor="#fff"
            disabled={false}
            iconStyle={
              Object {
                "height": 40,
                "width": 40,
              }
            }
            mini={false}
            onClick={[Function]}
            secondary={false}
            style={
              Object {
                "height": 40,
                "width": 40,
              }
            }
            zDepth={2}
          >
            <NavigationMenu
              style={
                Object {
                  "fill": "#00adb5",
                  "opacity": 1,
                  "width": 26,
                }
              }
            />
            <NavigationClose
              className="navigation-icon-close"
              style={
                Object {
                  "fill": "#00adb5",
                  "opacity": 0,
                  "width": 28,
                }
              }
            />
          </FloatingActionButton>
        </div>,
        <Menu
          className="page-navigation__menu"
          isVisible={false}
          links={
            Array [
              Object {
                "icon": <ActionHome
                  color="#fff"
                  style={
                    Object {
                      "display": "block",
                    }
                  }
                />,
                "name": "Home",
                "path": "/",
              },
              Object {
                "icon": <ActionBook
                  color="#fff"
                  style={
                    Object {
                      "display": "block",
                    }
                  }
                />,
                "name": "Lists",
                "path": "/list",
              },
              Object {
                "icon": <ActionAssignment
                  color="#fff"
                  style={
                    Object {
                      "display": "block",
                    }
                  }
                />,
                "name": "Lessons",
                "path": "/lesson",
              },
              Object {
                "icon": <EditorInsertChart
                  color="#fff"
                  style={
                    Object {
                      "display": "block",
                    }
                  }
                />,
                "name": "Overview",
                "path": "/overview",
              },
              Object {
                "icon": <ActionSettings
                  color="#fff"
                  style={
                    Object {
                      "display": "block",
                    }
                  }
                />,
                "name": "Settings",
                "path": "/settings",
              },
              Object {
                "icon": <ActionInfo
                  color="#fff"
                  style={
                    Object {
                      "display": "block",
                    }
                  }
                />,
                "name": "About",
                "path": "/about",
              },
            ]
          }
          onClose={[Function]}
        />,
      ],
      "className": "page-navigation",
      "style": undefined,
    },
    "ref": null,
    "rendered": Array [
      Object {
        "instance": null,
        "key": undefined,
        "nodeType": "host",
        "props": Object {
          "children": <FloatingActionButton
            backgroundColor="#fff"
            disabled={false}
            iconStyle={
              Object {
                "height": 40,
                "width": 40,
              }
            }
            mini={false}
            onClick={[Function]}
            secondary={false}
            style={
              Object {
                "height": 40,
                "width": 40,
              }
            }
            zDepth={2}
          >
            <NavigationMenu
              style={
                Object {
                  "fill": "#00adb5",
                  "opacity": 1,
                  "width": 26,
                }
              }
            />
            <NavigationClose
              className="navigation-icon-close"
              style={
                Object {
                  "fill": "#00adb5",
                  "opacity": 0,
                  "width": 28,
                }
              }
            />
          </FloatingActionButton>,
          "className": "page-navigation__btn",
        },
        "ref": Object {
          "current": null,
        },
        "rendered": Object {
          "instance": null,
          "key": undefined,
          "nodeType": "class",
          "props": Object {
            "backgroundColor": "#fff",
            "children": Array [
              <NavigationMenu
                style={
                  Object {
                    "fill": "#00adb5",
                    "opacity": 1,
                    "width": 26,
                  }
                }
              />,
              <NavigationClose
                className="navigation-icon-close"
                style={
                  Object {
                    "fill": "#00adb5",
                    "opacity": 0,
                    "width": 28,
                  }
                }
              />,
            ],
            "disabled": false,
            "iconStyle": Object {
              "height": 40,
              "width": 40,
            },
            "mini": false,
            "onClick": [Function],
            "secondary": false,
            "style": Object {
              "height": 40,
              "width": 40,
            },
            "zDepth": 2,
          },
          "ref": null,
          "rendered": Array [
            Object {
              "instance": null,
              "key": undefined,
              "nodeType": "class",
              "props": Object {
                "style": Object {
                  "fill": "#00adb5",
                  "opacity": 1,
                  "width": 26,
                },
              },
              "ref": null,
              "rendered": null,
              "type": [Function],
            },
            Object {
              "instance": null,
              "key": undefined,
              "nodeType": "class",
              "props": Object {
                "className": "navigation-icon-close",
                "style": Object {
                  "fill": "#00adb5",
                  "opacity": 0,
                  "width": 28,
                },
              },
              "ref": null,
              "rendered": null,
              "type": [Function],
            },
          ],
          "type": [Function],
        },
        "type": "div",
      },
      Object {
        "instance": null,
        "key": undefined,
        "nodeType": "function",
        "props": Object {
          "className": "page-navigation__menu",
          "isVisible": false,
          "links": Array [
            Object {
              "icon": <ActionHome
                color="#fff"
                style={
                  Object {
                    "display": "block",
                  }
                }
              />,
              "name": "Home",
              "path": "/",
            },
            Object {
              "icon": <ActionBook
                color="#fff"
                style={
                  Object {
                    "display": "block",
                  }
                }
              />,
              "name": "Lists",
              "path": "/list",
            },
            Object {
              "icon": <ActionAssignment
                color="#fff"
                style={
                  Object {
                    "display": "block",
                  }
                }
              />,
              "name": "Lessons",
              "path": "/lesson",
            },
            Object {
              "icon": <EditorInsertChart
                color="#fff"
                style={
                  Object {
                    "display": "block",
                  }
                }
              />,
              "name": "Overview",
              "path": "/overview",
            },
            Object {
              "icon": <ActionSettings
                color="#fff"
                style={
                  Object {
                    "display": "block",
                  }
                }
              />,
              "name": "Settings",
              "path": "/settings",
            },
            Object {
              "icon": <ActionInfo
                color="#fff"
                style={
                  Object {
                    "display": "block",
                  }
                }
              />,
              "name": "About",
              "path": "/about",
            },
          ],
          "onClose": [Function],
        },
        "ref": null,
        "rendered": null,
        "type": [Function],
      },
    ],
    "type": "aside",
  },
  Symbol(enzyme.__nodes__): Array [
    Object {
      "instance": null,
      "key": undefined,
      "nodeType": "host",
      "props": Object {
        "children": Array [
          <div
            className="page-navigation__btn"
          >
            <FloatingActionButton
              backgroundColor="#fff"
              disabled={false}
              iconStyle={
                Object {
                  "height": 40,
                  "width": 40,
                }
              }
              mini={false}
              onClick={[Function]}
              secondary={false}
              style={
                Object {
                  "height": 40,
                  "width": 40,
                }
              }
              zDepth={2}
            >
              <NavigationMenu
                style={
                  Object {
                    "fill": "#00adb5",
                    "opacity": 1,
                    "width": 26,
                  }
                }
              />
              <NavigationClose
                className="navigation-icon-close"
                style={
                  Object {
                    "fill": "#00adb5",
                    "opacity": 0,
                    "width": 28,
                  }
                }
              />
            </FloatingActionButton>
          </div>,
          <Menu
            className="page-navigation__menu"
            isVisible={false}
            links={
              Array [
                Object {
                  "icon": <ActionHome
                    color="#fff"
                    style={
                      Object {
                        "display": "block",
                      }
                    }
                  />,
                  "name": "Home",
                  "path": "/",
                },
                Object {
                  "icon": <ActionBook
                    color="#fff"
                    style={
                      Object {
                        "display": "block",
                      }
                    }
                  />,
                  "name": "Lists",
                  "path": "/list",
                },
                Object {
                  "icon": <ActionAssignment
                    color="#fff"
                    style={
                      Object {
                        "display": "block",
                      }
                    }
                  />,
                  "name": "Lessons",
                  "path": "/lesson",
                },
                Object {
                  "icon": <EditorInsertChart
                    color="#fff"
                    style={
                      Object {
                        "display": "block",
                      }
                    }
                  />,
                  "name": "Overview",
                  "path": "/overview",
                },
                Object {
                  "icon": <ActionSettings
                    color="#fff"
                    style={
                      Object {
                        "display": "block",
                      }
                    }
                  />,
                  "name": "Settings",
                  "path": "/settings",
                },
                Object {
                  "icon": <ActionInfo
                    color="#fff"
                    style={
                      Object {
                        "display": "block",
                      }
                    }
                  />,
                  "name": "About",
                  "path": "/about",
                },
              ]
            }
            onClose={[Function]}
          />,
        ],
        "className": "page-navigation",
        "style": undefined,
      },
      "ref": null,
      "rendered": Array [
        Object {
          "instance": null,
          "key": undefined,
          "nodeType": "host",
          "props": Object {
            "children": <FloatingActionButton
              backgroundColor="#fff"
              disabled={false}
              iconStyle={
                Object {
                  "height": 40,
                  "width": 40,
                }
              }
              mini={false}
              onClick={[Function]}
              secondary={false}
              style={
                Object {
                  "height": 40,
                  "width": 40,
                }
              }
              zDepth={2}
            >
              <NavigationMenu
                style={
                  Object {
                    "fill": "#00adb5",
                    "opacity": 1,
                    "width": 26,
                  }
                }
              />
              <NavigationClose
                className="navigation-icon-close"
                style={
                  Object {
                    "fill": "#00adb5",
                    "opacity": 0,
                    "width": 28,
                  }
                }
              />
            </FloatingActionButton>,
            "className": "page-navigation__btn",
          },
          "ref": Object {
            "current": null,
          },
          "rendered": Object {
            "instance": null,
            "key": undefined,
            "nodeType": "class",
            "props": Object {
              "backgroundColor": "#fff",
              "children": Array [
                <NavigationMenu
                  style={
                    Object {
                      "fill": "#00adb5",
                      "opacity": 1,
                      "width": 26,
                    }
                  }
                />,
                <NavigationClose
                  className="navigation-icon-close"
                  style={
                    Object {
                      "fill": "#00adb5",
                      "opacity": 0,
                      "width": 28,
                    }
                  }
                />,
              ],
              "disabled": false,
              "iconStyle": Object {
                "height": 40,
                "width": 40,
              },
              "mini": false,
              "onClick": [Function],
              "secondary": false,
              "style": Object {
                "height": 40,
                "width": 40,
              },
              "zDepth": 2,
            },
            "ref": null,
            "rendered": Array [
              Object {
                "instance": null,
                "key": undefined,
                "nodeType": "class",
                "props": Object {
                  "style": Object {
                    "fill": "#00adb5",
                    "opacity": 1,
                    "width": 26,
                  },
                },
                "ref": null,
                "rendered": null,
                "type": [Function],
              },
              Object {
                "instance": null,
                "key": undefined,
                "nodeType": "class",
                "props": Object {
                  "className": "navigation-icon-close",
                  "style": Object {
                    "fill": "#00adb5",
                    "opacity": 0,
                    "width": 28,
                  },
                },
                "ref": null,
                "rendered": null,
                "type": [Function],
              },
            ],
            "type": [Function],
          },
          "type": "div",
        },
        Object {
          "instance": null,
          "key": undefined,
          "nodeType": "function",
          "props": Object {
            "className": "page-navigation__menu",
            "isVisible": false,
            "links": Array [
              Object {
                "icon": <ActionHome
                  color="#fff"
                  style={
                    Object {
                      "display": "block",
                    }
                  }
                />,
                "name": "Home",
                "path": "/",
              },
              Object {
                "icon": <ActionBook
                  color="#fff"
                  style={
                    Object {
                      "display": "block",
                    }
                  }
                />,
                "name": "Lists",
                "path": "/list",
              },
              Object {
                "icon": <ActionAssignment
                  color="#fff"
                  style={
                    Object {
                      "display": "block",
                    }
                  }
                />,
                "name": "Lessons",
                "path": "/lesson",
              },
              Object {
                "icon": <EditorInsertChart
                  color="#fff"
                  style={
                    Object {
                      "display": "block",
                    }
                  }
                />,
                "name": "Overview",
                "path": "/overview",
              },
              Object {
                "icon": <ActionSettings
                  color="#fff"
                  style={
                    Object {
                      "display": "block",
                    }
                  }
                />,
                "name": "Settings",
                "path": "/settings",
              },
              Object {
                "icon": <ActionInfo
                  color="#fff"
                  style={
                    Object {
                      "display": "block",
                    }
                  }
                />,
                "name": "About",
                "path": "/about",
              },
            ],
            "onClose": [Function],
          },
          "ref": null,
          "rendered": null,
          "type": [Function],
        },
      ],
      "type": "aside",
    },
  ],
  Symbol(enzyme.__options__): Object {
    "adapter": ReactSixteenAdapter {
      "options": Object {
        "enableComponentDidUpdateOnSetState": true,
        "legacyContextMode": "parent",
        "lifecycles": Object {
          "componentDidUpdate": Object {
            "onSetState": true,
          },
          "getChildContext": Object {
            "calledByRenderer": false,
          },
          "getDerivedStateFromProps": Object {
            "hasShouldComponentUpdateBug": false,
          },
          "getSnapshotBeforeUpdate": true,
          "setState": Object {
            "skipsComponentDidUpdateOnNullish": true,
          },
        },
      },
    },
  },
  Symbol(enzyme.__childContext__): null,
}
`;
