// Jest Snapshot v1, https://goo.gl/fbAQLP

exports[`renders correctly 1`] = `
ShallowWrapper {
  Symbol(enzyme.__root__): [Circular],
  Symbol(enzyme.__unrendered__): <IconSyncStatus
    tooltipPosition="bottom-center"
  />,
  Symbol(enzyme.__renderer__): Object {
    "batchedUpdates": [Function],
    "checkPropTypes": [Function],
    "getNode": [Function],
    "render": [Function],
    "simulateError": [Function],
    "simulateEvent": [Function],
    "unmount": [Function],
  },
  Symbol(enzyme.__node__): Object {
    "instance": null,
    "key": undefined,
    "nodeType": "class",
    "props": Object {
      "children": Array [
        undefined,
        <React.Fragment>
          <NotificationSyncDisabled />
        </React.Fragment>,
      ],
      "className": undefined,
      "disableTouchRipple": false,
      "disabled": false,
      "iconStyle": Object {},
      "style": undefined,
      "tooltip": undefined,
      "tooltipPosition": "bottom-center",
      "touch": false,
    },
    "ref": null,
    "rendered": Array [
      undefined,
      Object {
        "instance": null,
        "key": undefined,
        "nodeType": "function",
        "props": Object {
          "children": Array [
            undefined,
            <NotificationSyncDisabled />,
          ],
        },
        "ref": null,
        "rendered": Array [
          undefined,
          Object {
            "instance": null,
            "key": undefined,
            "nodeType": "class",
            "props": Object {
              "style": undefined,
            },
            "ref": null,
            "rendered": null,
            "type": [Function],
          },
        ],
        "type": Symbol(react.fragment),
      },
    ],
    "type": [Function],
  },
  Symbol(enzyme.__nodes__): Array [
    Object {
      "instance": null,
      "key": undefined,
      "nodeType": "class",
      "props": Object {
        "children": Array [
          undefined,
          <React.Fragment>
            <NotificationSyncDisabled />
          </React.Fragment>,
        ],
        "className": undefined,
        "disableTouchRipple": false,
        "disabled": false,
        "iconStyle": Object {},
        "style": undefined,
        "tooltip": undefined,
        "tooltipPosition": "bottom-center",
        "touch": false,
      },
      "ref": null,
      "rendered": Array [
        undefined,
        Object {
          "instance": null,
          "key": undefined,
          "nodeType": "function",
          "props": Object {
            "children": Array [
              undefined,
              <NotificationSyncDisabled />,
            ],
          },
          "ref": null,
          "rendered": Array [
            undefined,
            Object {
              "instance": null,
              "key": undefined,
              "nodeType": "class",
              "props": Object {
                "style": undefined,
              },
              "ref": null,
              "rendered": null,
              "type": [Function],
            },
          ],
          "type": Symbol(react.fragment),
        },
      ],
      "type": [Function],
    },
  ],
  Symbol(enzyme.__options__): Object {
    "adapter": ReactSixteenAdapter {
      "options": Object {
        "enableComponentDidUpdateOnSetState": true,
        "legacyContextMode": "parent",
        "lifecycles": Object {
          "componentDidUpdate": Object {
            "onSetState": true,
          },
          "getChildContext": Object {
            "calledByRenderer": false,
          },
          "getDerivedStateFromError": true,
          "getDerivedStateFromProps": Object {
            "hasShouldComponentUpdateBug": false,
          },
          "getSnapshotBeforeUpdate": true,
          "setState": Object {
            "skipsComponentDidUpdateOnNullish": true,
          },
        },
      },
    },
    Symbol(enzyme.__providerValues__): undefined,
  },
  Symbol(enzyme.__providerValues__): Map {},
}
`;
