// Jest Snapshot v1, https://goo.gl/fbAQLP

exports[`renders correctly 1`] = `
ShallowWrapper {
  Symbol(enzyme.__root__): [Circular],
  Symbol(enzyme.__unrendered__): <ListWordLinks
    words={
      Array [
        Object {
          "id": "school",
          "word": "school",
        },
        Object {
          "id": "car",
          "word": "car",
        },
        Object {
          "id": "travel",
          "word": "travel",
        },
      ]
    }
  />,
  Symbol(enzyme.__renderer__): Object {
    "batchedUpdates": [Function],
    "checkPropTypes": [Function],
    "getNode": [Function],
    "render": [Function],
    "simulateError": [Function],
    "simulateEvent": [Function],
    "unmount": [Function],
  },
  Symbol(enzyme.__node__): Object {
    "instance": null,
    "key": undefined,
    "nodeType": "host",
    "props": Object {
      "children": Array [
        <li
          className="undefined__item"
        >
          <ForwardRef
            className="undefined__link"
            to="/word/school"
          >
            school
          </ForwardRef>
        </li>,
        <li
          className="undefined__item"
        >
          <ForwardRef
            className="undefined__link"
            to="/word/car"
          >
            car
          </ForwardRef>
        </li>,
        <li
          className="undefined__item"
        >
          <ForwardRef
            className="undefined__link"
            to="/word/travel"
          >
            travel
          </ForwardRef>
        </li>,
      ],
      "className": undefined,
      "style": undefined,
    },
    "ref": null,
    "rendered": Array [
      Object {
        "instance": null,
        "key": "school",
        "nodeType": "host",
        "props": Object {
          "children": <ForwardRef
            className="undefined__link"
            to="/word/school"
          >
            school
          </ForwardRef>,
          "className": "undefined__item",
        },
        "ref": null,
        "rendered": Object {
          "instance": null,
          "key": undefined,
          "nodeType": "function",
          "props": Object {
            "children": "school",
            "className": "undefined__link",
            "to": "/word/school",
          },
          "ref": null,
          "rendered": "school",
          "type": Object {
            "$$typeof": Symbol(react.forward_ref),
            "displayName": "Link",
            "propTypes": Object {
              "innerRef": [Function],
              "onClick": [Function],
              "replace": [Function],
              "target": [Function],
              "to": [Function],
            },
            "render": [Function],
          },
        },
        "type": "li",
      },
      Object {
        "instance": null,
        "key": "car",
        "nodeType": "host",
        "props": Object {
          "children": <ForwardRef
            className="undefined__link"
            to="/word/car"
          >
            car
          </ForwardRef>,
          "className": "undefined__item",
        },
        "ref": null,
        "rendered": Object {
          "instance": null,
          "key": undefined,
          "nodeType": "function",
          "props": Object {
            "children": "car",
            "className": "undefined__link",
            "to": "/word/car",
          },
          "ref": null,
          "rendered": "car",
          "type": Object {
            "$$typeof": Symbol(react.forward_ref),
            "displayName": "Link",
            "propTypes": Object {
              "innerRef": [Function],
              "onClick": [Function],
              "replace": [Function],
              "target": [Function],
              "to": [Function],
            },
            "render": [Function],
          },
        },
        "type": "li",
      },
      Object {
        "instance": null,
        "key": "travel",
        "nodeType": "host",
        "props": Object {
          "children": <ForwardRef
            className="undefined__link"
            to="/word/travel"
          >
            travel
          </ForwardRef>,
          "className": "undefined__item",
        },
        "ref": null,
        "rendered": Object {
          "instance": null,
          "key": undefined,
          "nodeType": "function",
          "props": Object {
            "children": "travel",
            "className": "undefined__link",
            "to": "/word/travel",
          },
          "ref": null,
          "rendered": "travel",
          "type": Object {
            "$$typeof": Symbol(react.forward_ref),
            "displayName": "Link",
            "propTypes": Object {
              "innerRef": [Function],
              "onClick": [Function],
              "replace": [Function],
              "target": [Function],
              "to": [Function],
            },
            "render": [Function],
          },
        },
        "type": "li",
      },
    ],
    "type": "ul",
  },
  Symbol(enzyme.__nodes__): Array [
    Object {
      "instance": null,
      "key": undefined,
      "nodeType": "host",
      "props": Object {
        "children": Array [
          <li
            className="undefined__item"
          >
            <ForwardRef
              className="undefined__link"
              to="/word/school"
            >
              school
            </ForwardRef>
          </li>,
          <li
            className="undefined__item"
          >
            <ForwardRef
              className="undefined__link"
              to="/word/car"
            >
              car
            </ForwardRef>
          </li>,
          <li
            className="undefined__item"
          >
            <ForwardRef
              className="undefined__link"
              to="/word/travel"
            >
              travel
            </ForwardRef>
          </li>,
        ],
        "className": undefined,
        "style": undefined,
      },
      "ref": null,
      "rendered": Array [
        Object {
          "instance": null,
          "key": "school",
          "nodeType": "host",
          "props": Object {
            "children": <ForwardRef
              className="undefined__link"
              to="/word/school"
            >
              school
            </ForwardRef>,
            "className": "undefined__item",
          },
          "ref": null,
          "rendered": Object {
            "instance": null,
            "key": undefined,
            "nodeType": "function",
            "props": Object {
              "children": "school",
              "className": "undefined__link",
              "to": "/word/school",
            },
            "ref": null,
            "rendered": "school",
            "type": Object {
              "$$typeof": Symbol(react.forward_ref),
              "displayName": "Link",
              "propTypes": Object {
                "innerRef": [Function],
                "onClick": [Function],
                "replace": [Function],
                "target": [Function],
                "to": [Function],
              },
              "render": [Function],
            },
          },
          "type": "li",
        },
        Object {
          "instance": null,
          "key": "car",
          "nodeType": "host",
          "props": Object {
            "children": <ForwardRef
              className="undefined__link"
              to="/word/car"
            >
              car
            </ForwardRef>,
            "className": "undefined__item",
          },
          "ref": null,
          "rendered": Object {
            "instance": null,
            "key": undefined,
            "nodeType": "function",
            "props": Object {
              "children": "car",
              "className": "undefined__link",
              "to": "/word/car",
            },
            "ref": null,
            "rendered": "car",
            "type": Object {
              "$$typeof": Symbol(react.forward_ref),
              "displayName": "Link",
              "propTypes": Object {
                "innerRef": [Function],
                "onClick": [Function],
                "replace": [Function],
                "target": [Function],
                "to": [Function],
              },
              "render": [Function],
            },
          },
          "type": "li",
        },
        Object {
          "instance": null,
          "key": "travel",
          "nodeType": "host",
          "props": Object {
            "children": <ForwardRef
              className="undefined__link"
              to="/word/travel"
            >
              travel
            </ForwardRef>,
            "className": "undefined__item",
          },
          "ref": null,
          "rendered": Object {
            "instance": null,
            "key": undefined,
            "nodeType": "function",
            "props": Object {
              "children": "travel",
              "className": "undefined__link",
              "to": "/word/travel",
            },
            "ref": null,
            "rendered": "travel",
            "type": Object {
              "$$typeof": Symbol(react.forward_ref),
              "displayName": "Link",
              "propTypes": Object {
                "innerRef": [Function],
                "onClick": [Function],
                "replace": [Function],
                "target": [Function],
                "to": [Function],
              },
              "render": [Function],
            },
          },
          "type": "li",
        },
      ],
      "type": "ul",
    },
  ],
  Symbol(enzyme.__options__): Object {
    "adapter": ReactSixteenAdapter {
      "options": Object {
        "enableComponentDidUpdateOnSetState": true,
        "legacyContextMode": "parent",
        "lifecycles": Object {
          "componentDidUpdate": Object {
            "onSetState": true,
          },
          "getChildContext": Object {
            "calledByRenderer": false,
          },
          "getDerivedStateFromError": true,
          "getDerivedStateFromProps": Object {
            "hasShouldComponentUpdateBug": false,
          },
          "getSnapshotBeforeUpdate": true,
          "setState": Object {
            "skipsComponentDidUpdateOnNullish": true,
          },
        },
      },
    },
    Symbol(enzyme.__providerValues__): undefined,
  },
  Symbol(enzyme.__providerValues__): Map {},
}
`;
